Arguments: 
  /usr/local/lib/node_modules/node/bin/node /usr/local/Cellar/yarn/1.17.3/libexec/bin/yarn.js

PATH: 
  /Users/WilliamJones/.rvm/gems/ruby-2.4.0/bin:/Users/WilliamJones/.rvm/gems/ruby-2.4.0@global/bin:/Users/WilliamJones/.rvm/rubies/ruby-2.4.0/bin:/usr/local/bin:/usr/bin:/bin:/usr/sbin:/sbin:/usr/local/share/dotnet:~/.dotnet/tools:/Library/Frameworks/Mono.framework/Versions/Current/Commands:/Library/Frameworks/Python.framework/Versions/3.5/bin:/Users/WilliamJones/.rvm/gems/ruby-2.4.0/bin:/Users/WilliamJones/.rvm/gems/ruby-2.4.0@global/bin:/Users/WilliamJones/.rvm/rubies/ruby-2.4.0/bin:/Users/WilliamJones/.rvm/bin

Yarn version: 
  1.17.3

Node version: 
  10.16.3

Platform: 
  darwin x64

Trace: 
  SyntaxError: /Users/WilliamJones/package.json: Unexpected token : in JSON at position 0
      at JSON.parse (<anonymous>)
      at /usr/local/Cellar/yarn/1.17.3/libexec/lib/cli.js:1625:59
      at Generator.next (<anonymous>)
      at step (/usr/local/Cellar/yarn/1.17.3/libexec/lib/cli.js:304:30)
      at /usr/local/Cellar/yarn/1.17.3/libexec/lib/cli.js:315:13

npm manifest: 
  {
    "name": "socioprophet-server-side",
    "version": "1.0.0",
    "description": "server-auth-package",
    "main": "server.js",
    "scripts": {
      "client-install": "npm install --prefix client",
      "start": "node server.js",
      "server": "nodemon server.js",
      "client": "npm start --prefix client",
      "dev": "concurrently \"npm run server\" \"npm run client\""
    },
    "author": "",
    "license": "MIT",
    "dependencies": {
      "bcryptjs": "^2.4.3",
      "body-parser": "^1.18.3",
      "concurrently": "^4.0.1",
      "express": "^4.16.4",
      "is-empty": "^1.2.0",
      "jsonwebtoken": "^8.3.0",
      "mongoose": "^5.3.11",
      "passport": "^0.4.0",
      "passport-jwt": "^4.0.0",
      "validator": "^10.9.0"
    }
  }

yarn manifest: 
  No manifest

Lockfile: 
  No lockfile
